Archive member included to satisfy reference by file (symbol)

.\CortexM3\ARM_GCC_541\Debug\DobleSars.a(UART.o)
                              .\CortexM3\ARM_GCC_541\Debug\main.o (UART_Start)
.\CortexM3\ARM_GCC_541\Debug\DobleSars.a(UART_INT.o)
                              .\CortexM3\ARM_GCC_541\Debug\DobleSars.a(UART.o) (UART_TXISR)
.\CortexM3\ARM_GCC_541\Debug\DobleSars.a(ADC_2.o)
                              .\CortexM3\ARM_GCC_541\Debug\main.o (ADC_2_Start)
.\CortexM3\ARM_GCC_541\Debug\DobleSars.a(ADC_2_INT.o)
                              .\CortexM3\ARM_GCC_541\Debug\DobleSars.a(ADC_2.o) (ADC_2_ISR)
.\CortexM3\ARM_GCC_541\Debug\DobleSars.a(ADC_1.o)
                              .\CortexM3\ARM_GCC_541\Debug\main.o (ADC_1_Start)
.\CortexM3\ARM_GCC_541\Debug\DobleSars.a(ADC_1_INT.o)
                              .\CortexM3\ARM_GCC_541\Debug\DobleSars.a(ADC_1.o) (ADC_1_ISR)
.\CortexM3\ARM_GCC_541\Debug\DobleSars.a(UART_IntClock.o)
                              .\CortexM3\ARM_GCC_541\Debug\DobleSars.a(UART.o) (UART_IntClock_Start)
.\CortexM3\ARM_GCC_541\Debug\DobleSars.a(ADC_2_theACLK.o)
                              .\CortexM3\ARM_GCC_541\Debug\DobleSars.a(ADC_2.o) (ADC_2_theACLK_SetModeRegister)
.\CortexM3\ARM_GCC_541\Debug\DobleSars.a(ADC_1_theACLK.o)
                              .\CortexM3\ARM_GCC_541\Debug\DobleSars.a(ADC_1.o) (ADC_1_theACLK_SetModeRegister)
.\CortexM3\ARM_GCC_541\Debug\DobleSars.a(CyLib.o)
                              .\CortexM3\ARM_GCC_541\Debug\Cm3Start.o (CyHalt)
.\CortexM3\ARM_GCC_541\Debug\DobleSars.a(cyPm.o)
                              .\CortexM3\ARM_GCC_541\Debug\DobleSars.a(CyLib.o) (CyPmReadStatus)
.\CortexM3\ARM_GCC_541\Debug\DobleSars.a(CyBootAsmGnu.o)
                              .\CortexM3\ARM_GCC_541\Debug\cyfitter_cfg.o (CyDelayCycles)
.\CortexM3\ARM_GCC_541\Debug\DobleSars.a(CyFlash.o)
                              .\CortexM3\ARM_GCC_541\Debug\DobleSars.a(cyPm.o) (CyFlash_SetWaitCycles)
.\CortexM3\ARM_GCC_541\Debug\DobleSars.a(CySpc.o)
                              .\CortexM3\ARM_GCC_541\Debug\DobleSars.a(CyFlash.o) (CySpcStart)
c:/program files (x86)/cypress/psoc creator/4.4/psoc creator/import/gnu/arm/5.4.1/bin/../lib/gcc/arm-none-eabi/5.4.1/armv7-m\libgcc.a(_arm_addsubsf3.o)
                              .\CortexM3\ARM_GCC_541\Debug\DobleSars.a(ADC_2.o) (__aeabi_i2f)
c:/program files (x86)/cypress/psoc creator/4.4/psoc creator/import/gnu/arm/5.4.1/bin/../lib/gcc/arm-none-eabi/5.4.1/armv7-m\libgcc.a(_arm_muldivsf3.o)
                              .\CortexM3\ARM_GCC_541\Debug\DobleSars.a(ADC_2.o) (__aeabi_fmul)
c:/program files (x86)/cypress/psoc creator/4.4/psoc creator/import/gnu/arm/5.4.1/bin/../lib/gcc/arm-none-eabi/5.4.1/armv7-m\libgcc.a(_aeabi_ldivmod.o)
                              .\CortexM3\ARM_GCC_541\Debug\DobleSars.a(ADC_2.o) (__aeabi_ldivmod)
c:/program files (x86)/cypress/psoc creator/4.4/psoc creator/import/gnu/arm/5.4.1/bin/../lib/gcc/arm-none-eabi/5.4.1/armv7-m\libgcc.a(_udivmoddi4.o)
                              c:/program files (x86)/cypress/psoc creator/4.4/psoc creator/import/gnu/arm/5.4.1/bin/../lib/gcc/arm-none-eabi/5.4.1/armv7-m\libgcc.a(_aeabi_ldivmod.o) (__udivmoddi4)
c:/program files (x86)/cypress/psoc creator/4.4/psoc creator/import/gnu/arm/5.4.1/bin/../lib/gcc/arm-none-eabi/5.4.1/armv7-m\libgcc.a(_dvmd_tls.o)
                              c:/program files (x86)/cypress/psoc creator/4.4/psoc creator/import/gnu/arm/5.4.1/bin/../lib/gcc/arm-none-eabi/5.4.1/armv7-m\libgcc.a(_aeabi_ldivmod.o) (__aeabi_ldiv0)
c:/program files (x86)/cypress/psoc creator/4.4/psoc creator/import/gnu/arm/5.4.1/bin/../lib/gcc/arm-none-eabi/5.4.1/../../../../arm-none-eabi/lib/armv7-m\libg_nano.a(lib_a-errno.o)
                              .\CortexM3\ARM_GCC_541\Debug\Cm3Start.o (__errno)
c:/program files (x86)/cypress/psoc creator/4.4/psoc creator/import/gnu/arm/5.4.1/bin/../lib/gcc/arm-none-eabi/5.4.1/../../../../arm-none-eabi/lib/armv7-m\libg_nano.a(lib_a-exit.o)
                              c:/program files (x86)/cypress/psoc creator/4.4/psoc creator/import/gnu/arm/5.4.1/bin/../lib/gcc/arm-none-eabi/5.4.1/../../../../arm-none-eabi/lib/armv7-m/crt0.o (exit)
c:/program files (x86)/cypress/psoc creator/4.4/psoc creator/import/gnu/arm/5.4.1/bin/../lib/gcc/arm-none-eabi/5.4.1/../../../../arm-none-eabi/lib/armv7-m\libg_nano.a(lib_a-impure.o)
                              c:/program files (x86)/cypress/psoc creator/4.4/psoc creator/import/gnu/arm/5.4.1/bin/../lib/gcc/arm-none-eabi/5.4.1/../../../../arm-none-eabi/lib/armv7-m\libg_nano.a(lib_a-exit.o) (_global_impure_ptr)
c:/program files (x86)/cypress/psoc creator/4.4/psoc creator/import/gnu/arm/5.4.1/bin/../lib/gcc/arm-none-eabi/5.4.1/../../../../arm-none-eabi/lib/armv7-m\libg_nano.a(lib_a-init.o)
                              c:/program files (x86)/cypress/psoc creator/4.4/psoc creator/import/gnu/arm/5.4.1/bin/../lib/gcc/arm-none-eabi/5.4.1/../../../../arm-none-eabi/lib/armv7-m/crt0.o (__libc_init_array)
[...]
Memory Configuration

Name             Origin             Length             Attributes
rom              0x00000000         0x00040000         xr
ram              0x1fff8000         0x00010000         xrw
*default*        0x00000000         0xffffffff

Linker script and memory map

LOAD c:/program files (x86)/cypress/psoc creator/4.4/psoc creator/import/gnu/arm/5.4.1/bin/../lib/gcc/arm-none-eabi/5.4.1/armv7-m/crti.o
LOAD c:/program files (x86)/cypress/psoc creator/4.4/psoc creator/import/gnu/arm/5.4.1/bin/../lib/gcc/arm-none-eabi/5.4.1/armv7-m/crtbegin.o
LOAD c:/program files (x86)/cypress/psoc creator/4.4/psoc creator/import/gnu/arm/5.4.1/bin/../lib/gcc/arm-none-eabi/5.4.1/../../../../arm-none-eabi/lib/armv7-m/crt0.o
START GROUP
LOAD .\CortexM3\ARM_GCC_541\Debug\main.o
LOAD .\CortexM3\ARM_GCC_541\Debug\LIB_psoc.o
LOAD .\CortexM3\ARM_GCC_541\Debug\cyfitter_cfg.o
LOAD .\CortexM3\ARM_GCC_541\Debug\cymetadata.o
LOAD .\CortexM3\ARM_GCC_541\Debug\Cm3Start.o
LOAD .\CortexM3\ARM_GCC_541\Debug\DobleSars.a
LOAD C:\Program Files (x86)\Cypress\PSoC Creator\4.4\PSoC Creator\psoc\content\cycomponentlibrary\CyComponentLibrary.cylib\CortexM3\ARM_GCC_541\Debug\CyComponentLibrary.a
END GROUP
START GROUP
LOAD c:/program files (x86)/cypress/psoc creator/4.4/psoc creator/import/gnu/arm/5.4.1/bin/../lib/gcc/arm-none-eabi/5.4.1/armv7-m\libgcc.a
LOAD c:/program files (x86)/cypress/psoc creator/4.4/psoc creator/import/gnu/arm/5.4.1/bin/../lib/gcc/arm-none-eabi/5.4.1/../../../../arm-none-eabi/lib/armv7-m\libg_nano.a
LOAD c:/program files (x86)/cypress/psoc creator/4.4/psoc creator/import/gnu/arm/5.4.1/bin/../lib/gcc/arm-none-eabi/5.4.1/../../../../arm-none-eabi/lib/armv7-m\libc_nano.a
END GROUP
START GROUP
LOAD c:/program files (x86)/cypress/psoc creator/4.4/psoc creator/import/gnu/arm/5.4.1/bin/../lib/gcc/arm-none-eabi/5.4.1/armv7-m\libgcc.a
LOAD c:/program files (x86)/cypress/psoc creator/4.4/psoc creator/import/gnu/arm/5.4.1/bin/../lib/gcc/arm-none-eabi/5.4.1/../../../../arm-none-eabi/lib/armv7-m\libc_nano.a
END GROUP
LOAD c:/program files (x86)/cypress/psoc creator/4.4/psoc creator/import/gnu/arm/5.4.1/bin/../lib/gcc/arm-none-eabi/5.4.1/armv7-m/crtend.o
LOAD c:/program files (x86)/cypress/psoc creator/4.4/psoc creator/import/gnu/arm/5.4.1/bin/../lib/gcc/arm-none-eabi/5.4.1/armv7-m/crtn.o
START GROUP
LOAD c:/program files (x86)/cypress/psoc creator/4.4/psoc creator/import/gnu/arm/5.4.1/bin/../lib/gcc/arm-none-eabi/5.4.1/armv7-m\libgcc.a
LOAD c:/program files (x86)/cypress/psoc creator/4.4/psoc creator/import/gnu/arm/5.4.1/bin/../lib/gcc/arm-none-eabi/5.4.1/../../../../arm-none-eabi/lib/armv7-m\libc.a
LOAD c:/program files (x86)/cypress/psoc creator/4.4/psoc creator/import/gnu/arm/5.4.1/bin/../lib/gcc/arm-none-eabi/5.4.1/../../../../arm-none-eabi/lib/armv7-m\libnosys.a
END GROUP
                0x00000000                CY_APPL_ORIGIN = 0x0
                0x00000100                CY_FLASH_ROW_SIZE = 0x100
                0x00000020                CY_ECC_ROW_SIZE = 0x20
                0x00000000                CY_EE_IN_BTLDR = 0x0
                0x00000000                CY_APPL_LOADABLE = 0x0
                0x00000800                CY_EE_SIZE = 0x800
                0x00000001                CY_APPL_NUM = 0x1
                0x00000001                CY_APPL_MAX = 0x1
                0x00000040                CY_METADATA_SIZE = 0x40
                0x00000000                CY_APPL_LOADABLE = 0x0
                0x00000000                CY_CHECKSUM_EXCLUDE_SIZE = ALIGN (0x0, CY_FLASH_ROW_SIZE)
                [!provide]                PROVIDE (__cy_heap_start, _end)
                0x00000001                PROVIDE (__cy_region_num, ((__cy_regions_end - __cy_regions) / 0x10))
                0x20008000                PROVIDE (__cy_stack, (ORIGIN (ram) + LENGTH (ram)))
                [!provide]                PROVIDE (__cy_heap_end, (__cy_stack - 0x800))

.cybootloader   0x00000000        0x0
 *(.cybootloader)
                0x00000000                appl1_start = CY_APPL_ORIGIN?CY_APPL_ORIGIN:ALIGN (CY_FLASH_ROW_SIZE)
                0x0001ff00                appl2_start = (appl1_start + ALIGN ((((LENGTH (rom) - appl1_start) - (0x2 * CY_FLASH_ROW_SIZE)) / 0x2), CY_FLASH_ROW_SIZE))
                0x00000000                appl_start = (CY_APPL_NUM == 0x1)?appl1_start:appl2_start
                0x00000000                ecc_offset = ((appl_start / CY_FLASH_ROW_SIZE) * CY_ECC_ROW_SIZE)
                0x00000000                ee_offset = (CY_APPL_LOADABLE && ! (CY_EE_IN_BTLDR))?((CY_EE_SIZE / CY_APPL_MAX) * (CY_APPL_NUM - 0x1)):0x0
                0x00000800                ee_size = (CY_APPL_LOADABLE && ! (CY_EE_IN_BTLDR))?(CY_EE_SIZE / CY_APPL_MAX):CY_EE_SIZE
                [!provide]                PROVIDE (CY_ECC_OFFSET, ecc_offset)

.text           0x00000000     0x13a0
 CREATE_OBJECT_SYMBOLS
                0x00000000                PROVIDE (__cy_interrupt_vector, RomVectors)
 *(.romvectors)
 .romvectors    0x00000000       0x10 .\CortexM3\ARM_GCC_541\Debug\Cm3Start.o
                0x00000000                RomVectors
                0x00000001                ASSERT ((. != __cy_interrupt_vector), No interrupt vector)
                0x00000001                ASSERT (CY_APPL_ORIGIN?(SIZEOF (.cybootloader) <= CY_APPL_ORIGIN):0x1, Wrong image location)
                0x00000010                PROVIDE (__cy_reset, Reset)
 *(.text.Reset)
 .text.Reset    0x00000010       0x18 .\CortexM3\ARM_GCC_541\Debug\Cm3Start.o
                0x00000010                Reset
                0x00000001                ASSERT ((. != __cy_reset), No reset code)
 *(.dma_init)
                0x00000001                ASSERT ((((appl_start + .) <= 0x10000) || 0x1), DMA Init must be within the first 64k of flash)
 *(.text .text.* .gnu.linkonce.t.*)
 .text          0x00000028       0x5c c:/program files (x86)/cypress/psoc creator/4.4/psoc creator/import/gnu/arm/5.4.1/bin/../lib/gcc/arm-none-eabi/5.4.1/armv7-m/crtbegin.o
 .text.main     0x00000084       0xa4 .\CortexM3\ARM_GCC_541\Debug\main.o
                0x00000084                main
 .text.map      0x00000128       0x18 .\CortexM3\ARM_GCC_541\Debug\LIB_psoc.o
                0x00000128                map
 .text.CyClockStartupError
                0x00000140        0x4 .\CortexM3\ARM_GCC_541\Debug\cyfitter_cfg.o
 .text.cfg_write_bytes32
                0x00000144       0x34 .\CortexM3\ARM_GCC_541\Debug\cyfitter_cfg.o
 .text.CYMEMZERO
                0x00000178        0xc .\CortexM3\ARM_GCC_541\Debug\cyfitter_cfg.o
 .text.AnalogSetDefault
                0x00000184       0x98 .\CortexM3\ARM_GCC_541\Debug\cyfitter_cfg.o
 .text.CYCONFIGCPY
                0x0000021c        0x8 .\CortexM3\ARM_GCC_541\Debug\cyfitter_cfg.o
 .text.ClockSetup
                0x00000224       0xe8 .\CortexM3\ARM_GCC_541\Debug\cyfitter_cfg.o
 .text.cyfitter_cfg
                0x0000030c      0x100 .\CortexM3\ARM_GCC_541\Debug\cyfitter_cfg.o
                0x0000030c                cyfitter_cfg
 .text.IntDefaultHandler
                0x0000040c       0x10 .\CortexM3\ARM_GCC_541\Debug\Cm3Start.o
                0x0000040c                IntDefaultHandler
 .text._sbrk    0x0000041c       0x30 .\CortexM3\ARM_GCC_541\Debug\Cm3Start.o
                0x0000041c                _sbrk
 .text.Start_c  0x0000044c       0x4c .\CortexM3\ARM_GCC_541\Debug\Cm3Start.o
                0x0000044c                Start_c
 .text.initialize_psoc
                0x00000498       0x68 .\CortexM3\ARM_GCC_541\Debug\Cm3Start.o
                0x00000498                initialize_psoc
 .text.UART_Init
                0x00000500       0x30 .\CortexM3\ARM_GCC_541\Debug\DobleSars.a(UART.o)
                0x00000500                UART_Init
 .text.UART_Enable
                0x00000530       0x34 .\CortexM3\ARM_GCC_541\Debug\DobleSars.a(UART.o)
                0x00000530                UART_Enable
 .text.UART_Start
                0x00000564       0x1c .\CortexM3\ARM_GCC_541\Debug\DobleSars.a(UART.o)
                0x00000564                UART_Start
 .text.UART_PutChar
                0x00000580       0x70 .\CortexM3\ARM_GCC_541\Debug\DobleSars.a(UART.o)
                0x00000580                UART_PutChar
 .text.UART_PutString
                0x000005f0       0x24 .\CortexM3\ARM_GCC_541\Debug\DobleSars.a(UART.o)
                0x000005f0                UART_PutString
 .text.UART_TXISR
                0x00000614       0x58 .\CortexM3\ARM_GCC_541\Debug\DobleSars.a(UART_INT.o)
                0x00000614                UART_TXISR
 .text.ADC_2_CalcGain
                0x0000066c       0x64 .\CortexM3\ARM_GCC_541\Debug\DobleSars.a(ADC_2.o)
 .text.ADC_2_Enable
                0x000006d0       0x94 .\CortexM3\ARM_GCC_541\Debug\DobleSars.a(ADC_2.o)
                0x000006d0                ADC_2_Enable
 .text.ADC_2_SetResolution
                0x00000764       0x38 .\CortexM3\ARM_GCC_541\Debug\DobleSars.a(ADC_2.o)
                0x00000764                ADC_2_SetResolution
 .text.ADC_2_Init
                0x0000079c       0x3c .\CortexM3\ARM_GCC_541\Debug\DobleSars.a(ADC_2.o)
                0x0000079c                ADC_2_Init
 .text.ADC_2_Start
                0x000007d8       0x1c .\CortexM3\ARM_GCC_541\Debug\DobleSars.a(ADC_2.o)
                0x000007d8                ADC_2_Start
 .text.ADC_2_StartConvert
                0x000007f4       0x10 .\CortexM3\ARM_GCC_541\Debug\DobleSars.a(ADC_2.o)
                0x000007f4                ADC_2_StartConvert
 .text.ADC_2_GetResult16
                0x00000804       0x18 .\CortexM3\ARM_GCC_541\Debug\DobleSars.a(ADC_2.o)
                0x00000804                ADC_2_GetResult16
 .text.ADC_2_ISR
                0x0000081c        0x4 .\CortexM3\ARM_GCC_541\Debug\DobleSars.a(ADC_2_INT.o)
                0x0000081c                ADC_2_ISR
 .text.ADC_1_CalcGain
                0x00000820       0x64 .\CortexM3\ARM_GCC_541\Debug\DobleSars.a(ADC_1.o)
 .text.ADC_1_Enable
                0x00000884       0x94 .\CortexM3\ARM_GCC_541\Debug\DobleSars.a(ADC_1.o)
                0x00000884                ADC_1_Enable
 .text.ADC_1_SetResolution
                0x00000918       0x38 .\CortexM3\ARM_GCC_541\Debug\DobleSars.a(ADC_1.o)
                0x00000918                ADC_1_SetResolution
 .text.ADC_1_Init
                0x00000950       0x3c .\CortexM3\ARM_GCC_541\Debug\DobleSars.a(ADC_1.o)
                0x00000950                ADC_1_Init
 .text.ADC_1_Start
                0x0000098c       0x1c .\CortexM3\ARM_GCC_541\Debug\DobleSars.a(ADC_1.o)
                0x0000098c                ADC_1_Start
 .text.ADC_1_StartConvert
                0x000009a8       0x10 .\CortexM3\ARM_GCC_541\Debug\DobleSars.a(ADC_1.o)
                0x000009a8                ADC_1_StartConvert
 .text.ADC_1_GetResult16
                0x000009b8       0x18 .\CortexM3\ARM_GCC_541\Debug\DobleSars.a(ADC_1.o)
                0x000009b8                ADC_1_GetResult16
 .text.ADC_1_ISR
                0x000009d0        0x4 .\CortexM3\ARM_GCC_541\Debug\DobleSars.a(ADC_1_INT.o)
                0x000009d0                ADC_1_ISR
 .text.UART_IntClock_Start
                0x000009d4       0x1c .\CortexM3\ARM_GCC_541\Debug\DobleSars.a(UART_IntClock.o)
                0x000009d4                UART_IntClock_Start
 .text.ADC_2_theACLK_SetModeRegister
                0x000009f0       0x14 .\CortexM3\ARM_GCC_541\Debug\DobleSars.a(ADC_2_theACLK.o)
                0x000009f0                ADC_2_theACLK_SetModeRegister
 .text.ADC_1_theACLK_SetModeRegister
                0x00000a04       0x14 .\CortexM3\ARM_GCC_541\Debug\DobleSars.a(ADC_1_theACLK.o)
                0x00000a04                ADC_1_theACLK_SetModeRegister
 .text.CyHalt   0x00000a18        0x4 .\CortexM3\ARM_GCC_541\Debug\DobleSars.a(CyLib.o)
                0x00000a18                CyHalt
 .text.CyDelay  0x00000a1c       0x2c .\CortexM3\ARM_GCC_541\Debug\DobleSars.a(CyLib.o)
                0x00000a1c                CyDelay
 .text.CyDelayUs
                0x00000a48       0x14 .\CortexM3\ARM_GCC_541\Debug\DobleSars.a(CyLib.o)
                0x00000a48                CyDelayUs
 .text.CyIntSetVector
                0x00000a5c       0x28 .\CortexM3\ARM_GCC_541\Debug\DobleSars.a(CyLib.o)
                0x00000a5c                CyIntSetVector
 .text.CyIntSetPriority
                0x00000a84       0x30 .\CortexM3\ARM_GCC_541\Debug\DobleSars.a(CyLib.o)
                0x00000a84                CyIntSetPriority
 *fill*         0x00000ab4        0x4 
 .text          0x00000ab8       0x20 .\CortexM3\ARM_GCC_541\Debug\DobleSars.a(CyBootAsmGnu.o)
                0x00000ab8                CyDelayCycles
                0x00000ac8                CyEnterCriticalSection
                0x00000ad0                CyExitCriticalSection
 .text.__errno  0x00000ad8        0xc c:/program files (x86)/cypress/psoc creator/4.4/psoc creator/import/gnu/arm/5.4.1/bin/../lib/gcc/arm-none-eabi/5.4.1/../../../../arm-none-eabi/lib/armv7-m\libg_nano.a(lib_a-errno.o)
                0x00000ad8                __errno
 .text.__libc_init_array
                0x00000ae4       0x4c c:/program files (x86)/cypress/psoc creator/4.4/psoc creator/import/gnu/arm/5.4.1/bin/../lib/gcc/arm-none-eabi/5.4.1/../../../../arm-none-eabi/lib/armv7-m\libg_nano.a(lib_a-init.o)
                0x00000ae4                __libc_init_array
 .text.memcpy   0x00000b30       0x16 c:/program files (x86)/cypress/psoc creator/4.4/psoc creator/import/gnu/arm/5.4.1/bin/../lib/gcc/arm-none-eabi/5.4.1/../../../../arm-none-eabi/lib/armv7-m\libg_nano.a(lib_a-memcpy-stub.o)
                0x00000b30                memcpy
 .text.memset   0x00000b46       0x10 c:/program files (x86)/cypress/psoc creator/4.4/psoc creator/import/gnu/arm/5.4.1/bin/../lib/gcc/arm-none-eabi/5.4.1/../../../../arm-none-eabi/lib/armv7-m\libg_nano.a(lib_a-memset.o)
                0x00000b46                memset
 *fill*         0x00000b56        0x2 
 .text.sprintf  0x00000b58       0x48 c:/program files (x86)/cypress/psoc creator/4.4/psoc creator/import/gnu/arm/5.4.1/bin/../lib/gcc/arm-none-eabi/5.4.1/../../../../arm-none-eabi/lib/armv7-m\libg_nano.a(lib_a-sprintf.o)
                0x00000b58                siprintf
                0x00000b58                sprintf
 .text.__ssputs_r
                0x00000ba0       0xb2 c:/program files (x86)/cypress/psoc creator/4.4/psoc creator/import/gnu/arm/5.4.1/bin/../lib/gcc/arm-none-eabi/5.4.1/../../../../arm-none-eabi/lib/armv7-m\libg_nano.a(lib_a-nano-svfprintf.o)
                0x00000ba0                __ssputs_r
 *fill*         0x00000c52        0x2 
 .text._svfprintf_r
                0x00000c54      0x1e8 c:/program files (x86)/cypress/psoc creator/4.4/psoc creator/import/gnu/arm/5.4.1/bin/../lib/gcc/arm-none-eabi/5.4.1/../../../../arm-none-eabi/lib/armv7-m\libg_nano.a(lib_a-nano-svfprintf.o)
                0x00000c54                _svfiprintf_r
                0x00000c54                _svfprintf_r
 .text._printf_common
                0x00000e3c       0xec c:/program files (x86)/cypress/psoc creator/4.4/psoc creator/import/gnu/arm/5.4.1/bin/../lib/gcc/arm-none-eabi/5.4.1/../../../../arm-none-eabi/lib/armv7-m\libg_nano.a(lib_a-nano-vfprintf_i.o)
                0x00000e3c                _printf_common
 .text._printf_i
                0x00000f28      0x24c c:/program files (x86)/cypress/psoc creator/4.4/psoc creator/import/gnu/arm/5.4.1/bin/../lib/gcc/arm-none-eabi/5.4.1/../../../../arm-none-eabi/lib/armv7-m\libg_nano.a(lib_a-nano-vfprintf_i.o)
                0x00000f28                _printf_i
 .text.memchr   0x00001174       0x1c c:/program files (x86)/cypress/psoc creator/4.4/psoc creator/import/gnu/arm/5.4.1/bin/../lib/gcc/arm-none-eabi/5.4.1/../../../../arm-none-eabi/lib/armv7-m\libg_nano.a(lib_a-memchr-stub.o)
                0x00001174                memchr
 .text.memmove  0x00001190       0x36 c:/program files (x86)/cypress/psoc creator/4.4/psoc creator/import/gnu/arm/5.4.1/bin/../lib/gcc/arm-none-eabi/5.4.1/../../../../arm-none-eabi/lib/armv7-m\libg_nano.a(lib_a-memmove.o)
                0x00001190                memmove
 *fill*         0x000011c6        0x2 
 .text._free_r  0x000011c8       0x98 c:/program files (x86)/cypress/psoc creator/4.4/psoc creator/import/gnu/arm/5.4.1/bin/../lib/gcc/arm-none-eabi/5.4.1/../../../../arm-none-eabi/lib/armv7-m\libg_nano.a(lib_a-nano-freer.o)
                0x000011c8                _free_r
 .text._malloc_r
                0x00001260       0xbc c:/program files (x86)/cypress/psoc creator/4.4/psoc creator/import/gnu/arm/5.4.1/bin/../lib/gcc/arm-none-eabi/5.4.1/../../../../arm-none-eabi/lib/armv7-m\libg_nano.a(lib_a-nano-mallocr.o)
                0x00001260                _malloc_r
 .text._realloc_r
                0x0000131c       0x4c c:/program files (x86)/cypress/psoc creator/4.4/psoc creator/import/gnu/arm/5.4.1/bin/../lib/gcc/arm-none-eabi/5.4.1/../../../../arm-none-eabi/lib/armv7-m\libg_nano.a(lib_a-nano-reallocr.o)
                0x0000131c                _realloc_r
 .text._sbrk_r  0x00001368       0x20 c:/program files (x86)/cypress/psoc creator/4.4/psoc creator/import/gnu/arm/5.4.1/bin/../lib/gcc/arm-none-eabi/5.4.1/../../../../arm-none-eabi/lib/armv7-m\libg_nano.a(lib_a-sbrkr.o)
                0x00001368                _sbrk_r
 .text.__malloc_lock
                0x00001388        0x2 c:/program files (x86)/cypress/psoc creator/4.4/psoc creator/import/gnu/arm/5.4.1/bin/../lib/gcc/arm-none-eabi/5.4.1/../../../../arm-none-eabi/lib/armv7-m\libg_nano.a(lib_a-mlock.o)
                0x00001388                __malloc_lock
 .text.__malloc_unlock
                0x0000138a        0x2 c:/program files (x86)/cypress/psoc creator/4.4/psoc creator/import/gnu/arm/5.4.1/bin/../lib/gcc/arm-none-eabi/5.4.1/../../../../arm-none-eabi/lib/armv7-m\libg_nano.a(lib_a-mlock.o)
                0x0000138a                __malloc_unlock
 .text._malloc_usable_size_r
                0x0000138c       0x14 c:/program files (x86)/cypress/psoc creator/4.4/psoc creator/import/gnu/arm/5.4.1/bin/../lib/gcc/arm-none-eabi/5.4.1/../../../../arm-none-eabi/lib/armv7-m\libg_nano.a(lib_a-nano-msizer.o)
                0x0000138c                _malloc_usable_size_r
 *(.plt)
 *(.gnu.warning)
 *(.glue_7t)
 .glue_7t       0x000013a0        0x0 linker stubs
 *(.glue_7)
 .glue_7        0x000013a0        0x0 linker stubs
 *(.vfp11_veneer)
 .vfp11_veneer  0x000013a0        0x0 linker stubs
 *(.bootloader)
 *(.ARM.extab* .gnu.linkonce.armextab.*)
 *(.gcc_except_table)

.v4_bx          0x000013a0        0x0
 .v4_bx         0x000013a0        0x0 linker stubs

.iplt           0x000013a0        0x0
 .iplt          0x000013a0        0x0 c:/program files (x86)/cypress/psoc creator/4.4/psoc creator/import/gnu/arm/5.4.1/bin/../lib/gcc/arm-none-eabi/5.4.1/armv7-m/crtbegin.o

.eh_frame_hdr
 *(.eh_frame_hdr)

.eh_frame       0x000013a0        0x4
 *(.eh_frame)
 .eh_frame      0x000013a0        0x0 c:/program files (x86)/cypress/psoc creator/4.4/psoc creator/import/gnu/arm/5.4.1/bin/../lib/gcc/arm-none-eabi/5.4.1/armv7-m/crtbegin.o
 .eh_frame      0x000013a0        0x4 c:/program files (x86)/cypress/psoc creator/4.4/psoc creator/import/gnu/arm/5.4.1/bin/../lib/gcc/arm-none-eabi/5.4.1/armv7-m/crtend.o
                [!provide]                PROVIDE (__exidx_start, .)

.ARM.exidx
 *(.ARM.exidx* .gnu.linkonce.armexidx.*)
                0x000013a4                __exidx_end = .

.rodata         0x000013a4       0xa4
 *(.rodata .rodata.* .gnu.linkonce.r.*)
 .rodata.str1.4
                0x000013a4        0x8 .\CortexM3\ARM_GCC_541\Debug\main.o
 .rodata        0x000013ac       0x30 .\CortexM3\ARM_GCC_541\Debug\cyfitter_cfg.o
 .rodata.str1.1
                0x000013dc        0x2 c:/program files (x86)/cypress/psoc creator/4.4/psoc creator/import/gnu/arm/5.4.1/bin/../lib/gcc/arm-none-eabi/5.4.1/../../../../arm-none-eabi/lib/armv7-m\libg_nano.a(lib_a-impure.o)
 .rodata.str1.1
                0x000013de       0x11 c:/program files (x86)/cypress/psoc creator/4.4/psoc creator/import/gnu/arm/5.4.1/bin/../lib/gcc/arm-none-eabi/5.4.1/../../../../arm-none-eabi/lib/armv7-m\libg_nano.a(lib_a-nano-svfprintf.o)
 .rodata.str1.1
                0x000013ef       0x22 c:/program files (x86)/cypress/psoc creator/4.4/psoc creator/import/gnu/arm/5.4.1/bin/../lib/gcc/arm-none-eabi/5.4.1/../../../../arm-none-eabi/lib/armv7-m\libg_nano.a(lib_a-nano-vfprintf_i.o)
                0x00001414                . = ALIGN (0x4)
 *fill*         0x00001411        0x3 
 *(.init)
 .init          0x00001414        0x4 c:/program files (x86)/cypress/psoc creator/4.4/psoc creator/import/gnu/arm/5.4.1/bin/../lib/gcc/arm-none-eabi/5.4.1/armv7-m/crti.o
                0x00001414                _init
 .init          0x00001418        0x8 c:/program files (x86)/cypress/psoc creator/4.4/psoc creator/import/gnu/arm/5.4.1/bin/../lib/gcc/arm-none-eabi/5.4.1/armv7-m/crtn.o
                0x00001420                . = ALIGN (0x4)
                0x00001420                __preinit_array_start = .
 *(.preinit_array)
                0x00001420                __preinit_array_end = .
                0x00001420                . = ALIGN (0x4)
                0x00001420                __init_array_start = .
 *(SORT(.init_array.*))
 *(.init_array)
 .init_array    0x00001420        0x4 c:/program files (x86)/cypress/psoc creator/4.4/psoc creator/import/gnu/arm/5.4.1/bin/../lib/gcc/arm-none-eabi/5.4.1/armv7-m/crtbegin.o
 .init_array    0x00001424        0x4 .\CortexM3\ARM_GCC_541\Debug\Cm3Start.o
                0x00001428                __init_array_end = .
                0x00001428                . = ALIGN (0x4)
 *(.fini)
 .fini          0x00001428        0x4 c:/program files (x86)/cypress/psoc creator/4.4/psoc creator/import/gnu/arm/5.4.1/bin/../lib/gcc/arm-none-eabi/5.4.1/armv7-m/crti.o
                0x00001428                _fini
 .fini          0x0000142c        0x8 c:/program files (x86)/cypress/psoc creator/4.4/psoc creator/import/gnu/arm/5.4.1/bin/../lib/gcc/arm-none-eabi/5.4.1/armv7-m/crtn.o
                0x00001434                . = ALIGN (0x4)
                0x00001434                __fini_array_start = .
 *(.fini_array)
 .fini_array    0x00001434        0x4 c:/program files (x86)/cypress/psoc creator/4.4/psoc creator/import/gnu/arm/5.4.1/bin/../lib/gcc/arm-none-eabi/5.4.1/armv7-m/crtbegin.o
 *(SORT(.fini_array.*))
                0x00001438                __fini_array_end = .
                0x00001438                . = ALIGN (0x4)
 *crtbegin.o(.ctors)
 *(EXCLUDE_FILE(*crtend.o) .ctors)
 *(SORT(.ctors.*))
 *crtend.o(.ctors)
                0x00001438                . = ALIGN (0x4)
 *crtbegin.o(.dtors)
 *(EXCLUDE_FILE(*crtend.o) .dtors)
 *(SORT(.dtors.*))
 *crtend.o(.dtors)
                0x00001438                . = ALIGN (0x4)
                0x00001438                __cy_regions = .
                0x00001438        0x4 LONG 0x1448 __cy_region_init_ram
                0x0000143c        0x4 LONG 0x1fff80c8 __cy_region_start_data
                0x00001440        0x4 LONG 0x80 __cy_region_init_size_ram
                0x00001444        0x4 LONG 0x60 __cy_region_zero_size_ram
                0x00001448                __cy_regions_end = .
                0x00001448                . = ALIGN (0x8)
                0x00001448                _etext = .

.cy_checksum_exclude
                0x00001448        0x0
 *(.cy_checksum_exclude)

.ramvectors     0x1fff8000       0xc0
                0x1fff8000                __cy_region_start_ram = .
 *(.ramvectors)
 .ramvectors    0x1fff8000       0xc0 .\CortexM3\ARM_GCC_541\Debug\Cm3Start.o
                0x1fff8000                CyRamVectors

.noinit         0x1fff80c0        0x1
 *(.noinit)
 .noinit        0x1fff80c0        0x1 .\CortexM3\ARM_GCC_541\Debug\DobleSars.a(CyLib.o)
                0x1fff80c0                CyResetStatus

.data           0x1fff80c8       0x80 load address 0x00001448
                0x1fff80c8                __cy_region_start_data = .
 *(.jcr)
 .jcr           0x1fff80c8        0x0 c:/program files (x86)/cypress/psoc creator/4.4/psoc creator/import/gnu/arm/5.4.1/bin/../lib/gcc/arm-none-eabi/5.4.1/armv7-m/crtbegin.o
 .jcr           0x1fff80c8        0x4 c:/program files (x86)/cypress/psoc creator/4.4/psoc creator/import/gnu/arm/5.4.1/bin/../lib/gcc/arm-none-eabi/5.4.1/armv7-m/crtend.o
 *(.got.plt)
 *(.got)
 *(.shdata)
 *(.data .data.* .gnu.linkonce.d.*)
 .data          0x1fff80cc        0x4 .\CortexM3\ARM_GCC_541\Debug\Cm3Start.o
 .data          0x1fff80d0       0x10 .\CortexM3\ARM_GCC_541\Debug\DobleSars.a(CyLib.o)
                0x1fff80d0                cydelay_32k_ms
                0x1fff80d4                cydelay_freq_khz
                0x1fff80d8                cydelay_freq_mhz
                0x1fff80dc                cydelay_freq_hz
 .data.impure_data
                0x1fff80e0       0x60 c:/program files (x86)/cypress/psoc creator/4.4/psoc creator/import/gnu/arm/5.4.1/bin/../lib/gcc/arm-none-eabi/5.4.1/../../../../arm-none-eabi/lib/armv7-m\libg_nano.a(lib_a-impure.o)
 .data._impure_ptr
                0x1fff8140        0x4 c:/program files (x86)/cypress/psoc creator/4.4/psoc creator/import/gnu/arm/5.4.1/bin/../lib/gcc/arm-none-eabi/5.4.1/../../../../arm-none-eabi/lib/armv7-m\libg_nano.a(lib_a-impure.o)
                0x1fff8140                _impure_ptr
                0x1fff8148                . = ALIGN (0x8)
 *fill*         0x1fff8144        0x4 
 *(.ram)
                0x1fff8148                _edata = .

.igot.plt       0x1fff8148        0x0 load address 0x000014c8
 .igot.plt      0x1fff8148        0x0 c:/program files (x86)/cypress/psoc creator/4.4/psoc creator/import/gnu/arm/5.4.1/bin/../lib/gcc/arm-none-eabi/5.4.1/armv7-m/crtbegin.o

.bss            0x1fff8148       0x60 load address 0x000014c8
                0x1fff8148                PROVIDE (__bss_start__, .)
 *(.shbss)
 *(.bss .bss.* .gnu.linkonce.b.*)
 .bss           0x1fff8148       0x1c c:/program files (x86)/cypress/psoc creator/4.4/psoc creator/import/gnu/arm/5.4.1/bin/../lib/gcc/arm-none-eabi/5.4.1/armv7-m/crtbegin.o
 .bss           0x1fff8164        0x4 .\CortexM3\ARM_GCC_541\Debug\DobleSars.a(UART.o)
                0x1fff8164                UART_initVar
                0x1fff8165                UART_txBufferRead
                0x1fff8166                UART_txBufferWrite
 .bss           0x1fff8168        0x1 .\CortexM3\ARM_GCC_541\Debug\DobleSars.a(ADC_2.o)
                0x1fff8168                ADC_2_initVar
 .bss           0x1fff8169        0x1 .\CortexM3\ARM_GCC_541\Debug\DobleSars.a(ADC_1.o)
                0x1fff8169                ADC_1_initVar
 *fill*         0x1fff816a        0x2 
 .bss.__malloc_sbrk_start
                0x1fff816c        0x4 c:/program files (x86)/cypress/psoc creator/4.4/psoc creator/import/gnu/arm/5.4.1/bin/../lib/gcc/arm-none-eabi/5.4.1/../../../../arm-none-eabi/lib/armv7-m\libg_nano.a(lib_a-nano-mallocr.o)
                0x1fff816c                __malloc_sbrk_start
 .bss.__malloc_free_list
                0x1fff8170        0x4 c:/program files (x86)/cypress/psoc creator/4.4/psoc creator/import/gnu/arm/5.4.1/bin/../lib/gcc/arm-none-eabi/5.4.1/../../../../arm-none-eabi/lib/armv7-m\libg_nano.a(lib_a-nano-mallocr.o)
                0x1fff8170                __malloc_free_list
 *(COMMON)
 COMMON         0x1fff8174        0x7 .\CortexM3\ARM_GCC_541\Debug\main.o
                0x1fff8174                raw_ADC
                0x1fff8178                buffer_Tx
 *fill*         0x1fff817b        0x1 
 COMMON         0x1fff817c       0x10 .\CortexM3\ARM_GCC_541\Debug\DobleSars.a(UART.o)
                0x1fff817c                UART_txBuffer
 COMMON         0x1fff818c        0xa .\CortexM3\ARM_GCC_541\Debug\DobleSars.a(ADC_2.o)
                0x1fff818c                ADC_2_shift
                0x1fff818e                ADC_2_countsPerVolt
                0x1fff8190                ADC_2_countsPer10Volt
                0x1fff8194                ADC_2_offset
 *fill*         0x1fff8196        0x2 
 COMMON         0x1fff8198        0xc .\CortexM3\ARM_GCC_541\Debug\DobleSars.a(ADC_1.o)
                0x1fff8198                ADC_1_offset
                0x1fff819a                ADC_1_shift
                0x1fff819c                ADC_1_countsPerVolt
                0x1fff81a0                ADC_1_countsPer10Volt
 COMMON         0x1fff81a4        0x4 c:/program files (x86)/cypress/psoc creator/4.4/psoc creator/import/gnu/arm/5.4.1/bin/../lib/gcc/arm-none-eabi/5.4.1/../../../../arm-none-eabi/lib/armv7-m\libg_nano.a(lib_a-reent.o)
                0x1fff81a4                errno
                0x1fff81a8                . = ALIGN (0x8)
 *(.ram.b)
                0x1fff81a8                _end = .
                0x1fff81a8                __end = .
                0x1fff81a8                PROVIDE (end, .)
                0x1fff81a8                PROVIDE (__bss_end__, .)
                0x00001448                __cy_region_init_ram = LOADADDR (.data)
                0x00000080                __cy_region_init_size_ram = (_edata - ADDR (.data))
                0x00000060                __cy_region_zero_size_ram = (_end - _edata)

.heap           0x1fff81a8       0x80 load address 0x000014c8
                0x1fff81a8                . = _end
                0x1fff8228                . = (. + 0x80)
 *fill*         0x1fff81a8       0x80 
                0x1fff8228                __cy_heap_limit = .

.stack          0x20007800      0x800
                0x20007800                __cy_stack_limit = .
                0x20008000                . = (. + 0x800)
 *fill*         0x20007800      0x800 
                0x00000001                ASSERT ((__cy_stack_limit >= __cy_heap_limit), region RAM overflowed with stack)
                0x00000000                cy_checksum_exclude_size = (CY_APPL_LOADABLE == 0x1)?SIZEOF (.cy_checksum_exclude):0x0
                0x00000001                ASSERT ((cy_checksum_exclude_size <= CY_CHECKSUM_EXCLUDE_SIZE), CY_BOOT: Section .cy_checksum_exclude size exceedes specified limit.)

.cyloadermeta
 *(.cyloadermeta)

.cyloadablemeta
 *(.cyloadablemeta)

.cyconfigecc    0x80000000      0x1dc
 *(.cyconfigecc)
 .cyconfigecc   0x80000000      0x1dc .\CortexM3\ARM_GCC_541\Debug\cymetadata.o
                0x80000000                cy_meta_configecc

.cycustnvl      0x90000000        0x4
 *(.cycustnvl)
 .cycustnvl     0x90000000        0x4 .\CortexM3\ARM_GCC_541\Debug\cymetadata.o
                0x90000000                cy_meta_custnvl

.cywolatch      0x90100000        0x4
 *(.cywolatch)
 .cywolatch     0x90100000        0x4 .\CortexM3\ARM_GCC_541\Debug\cymetadata.o
                0x90100000                cy_meta_wonvl

.cyeeprom       0x90200000        0x0
 *(.cyeeprom)
                0x00000001                ASSERT ((. <= ((0x90200000 + ee_offset) + ee_size)), .cyeeprom data will not fit in EEPROM)

.cyflashprotect
                0x90400000      0x100
 *(.cyflashprotect)
 .cyflashprotect
                0x90400000      0x100 .\CortexM3\ARM_GCC_541\Debug\cymetadata.o
                0x90400000                cy_meta_flashprotect

.cymeta         0x90500000        0xc
 *(.cymeta)
 .cymeta        0x90500000        0xc .\CortexM3\ARM_GCC_541\Debug\cymetadata.o
                0x90500000                cy_metadata

.rel.dyn        0x000014c8        0x0 load address 0x9050000c
 .rel.iplt      0x000014c8        0x0 c:/program files (x86)/cypress/psoc creator/4.4/psoc creator/import/gnu/arm/5.4.1/bin/../lib/gcc/arm-none-eabi/5.4.1/armv7-m/crtbegin.o

.stab
 *(.stab)

.stabstr
 *(.stabstr)

.debug
 *(.debug)

.line
 *(.line)

.debug_srcinfo
 *(.debug_srcinfo)

.debug_sfnames
 *(.debug_sfnames)

.debug_aranges  0x00000000      0x918
 *(.debug_aranges)
 .debug_aranges
                0x00000000       0x20 .\CortexM3\ARM_GCC_541\Debug\main.o
 .debug_aranges
                0x00000020       0x20 .\CortexM3\ARM_GCC_541\Debug\LIB_psoc.o
 .debug_aranges
                0x00000040       0x58 .\CortexM3\ARM_GCC_541\Debug\cyfitter_cfg.o
 .debug_aranges
                0x00000098       0x18 .\CortexM3\ARM_GCC_541\Debug\cymetadata.o
 .debug_aranges
                0x000000b0       0x48 .\CortexM3\ARM_GCC_541\Debug\Cm3Start.o
 .debug_aranges
                0x000000f8       0xa0 .\CortexM3\ARM_GCC_541\Debug\DobleSars.a(UART.o)
 .debug_aranges
                0x00000198       0x20 .\CortexM3\ARM_GCC_541\Debug\DobleSars.a(UART_INT.o)
 .debug_aranges
                0x000001b8       0xa8 .\CortexM3\ARM_GCC_541\Debug\DobleSars.a(ADC_2.o)
 .debug_aranges
                0x00000260       0x20 .\CortexM3\ARM_GCC_541\Debug\DobleSars.a(ADC_2_INT.o)
 .debug_aranges
                0x00000280       0xa8 .\CortexM3\ARM_GCC_541\Debug\DobleSars.a(ADC_1.o)
 .debug_aranges
                0x00000328       0x20 .\CortexM3\ARM_GCC_541\Debug\DobleSars.a(ADC_1_INT.o)
 .debug_aranges
                0x00000348       0x70 .\CortexM3\ARM_GCC_541\Debug\DobleSars.a(UART_IntClock.o)
 .debug_aranges
                0x000003b8       0x80 .\CortexM3\ARM_GCC_541\Debug\DobleSars.a(ADC_2_theACLK.o)
 .debug_aranges
                0x00000438       0x80 .\CortexM3\ARM_GCC_541\Debug\DobleSars.a(ADC_1_theACLK.o)
 .debug_aranges
                0x000004b8      0x2a0 .\CortexM3\ARM_GCC_541\Debug\DobleSars.a(CyLib.o)
 .debug_aranges
                0x00000758       0x98 .\CortexM3\ARM_GCC_541\Debug\DobleSars.a(cyPm.o)
 .debug_aranges
                0x000007f0       0x20 .\CortexM3\ARM_GCC_541\Debug\DobleSars.a(CyBootAsmGnu.o)
 .debug_aranges
                0x00000810       0x88 .\CortexM3\ARM_GCC_541\Debug\DobleSars.a(CyFlash.o)
 .debug_aranges
                0x00000898       0x80 .\CortexM3\ARM_GCC_541\Debug\DobleSars.a(CySpc.o)

.debug_pubnames
 *(.debug_pubnames)

.debug_info     0x00000000     0x5243
 *(.debug_info .gnu.linkonce.wi.*)
 .debug_info    0x00000000      0x2e6 .\CortexM3\ARM_GCC_541\Debug\main.o
 .debug_info    0x000002e6       0x8c .\CortexM3\ARM_GCC_541\Debug\LIB_psoc.o
 .debug_info    0x00000372      0x54d .\CortexM3\ARM_GCC_541\Debug\cyfitter_cfg.o
 .debug_info    0x000008bf      0x135 .\CortexM3\ARM_GCC_541\Debug\cymetadata.o
 .debug_info    0x000009f4      0x3bb .\CortexM3\ARM_GCC_541\Debug\Cm3Start.o
 .debug_info    0x00000daf      0x521 .\CortexM3\ARM_GCC_541\Debug\DobleSars.a(UART.o)
 .debug_info    0x000012d0       0xf6 .\CortexM3\ARM_GCC_541\Debug\DobleSars.a(UART_INT.o)
 .debug_info    0x000013c6      0x5c0 .\CortexM3\ARM_GCC_541\Debug\DobleSars.a(ADC_2.o)
 .debug_info    0x00001986       0x92 .\CortexM3\ARM_GCC_541\Debug\DobleSars.a(ADC_2_INT.o)
 .debug_info    0x00001a18      0x5c0 .\CortexM3\ARM_GCC_541\Debug\DobleSars.a(ADC_1.o)
 .debug_info    0x00001fd8       0x92 .\CortexM3\ARM_GCC_541\Debug\DobleSars.a(ADC_1_INT.o)
 .debug_info    0x0000206a      0x283 .\CortexM3\ARM_GCC_541\Debug\DobleSars.a(UART_IntClock.o)
 .debug_info    0x000022ed      0x2c4 .\CortexM3\ARM_GCC_541\Debug\DobleSars.a(ADC_2_theACLK.o)
 .debug_info    0x000025b1      0x2c4 .\CortexM3\ARM_GCC_541\Debug\DobleSars.a(ADC_1_theACLK.o)
 .debug_info    0x00002875     0x1374 .\CortexM3\ARM_GCC_541\Debug\DobleSars.a(CyLib.o)
 .debug_info    0x00003be9      0xa2a .\CortexM3\ARM_GCC_541\Debug\DobleSars.a(cyPm.o)
 .debug_info    0x00004613       0x93 .\CortexM3\ARM_GCC_541\Debug\DobleSars.a(CyBootAsmGnu.o)
 .debug_info    0x000046a6      0x64d .\CortexM3\ARM_GCC_541\Debug\DobleSars.a(CyFlash.o)
 .debug_info    0x00004cf3      0x550 .\CortexM3\ARM_GCC_541\Debug\DobleSars.a(CySpc.o)

.debug_abbrev   0x00000000     0x1623
 *(.debug_abbrev)
 .debug_abbrev  0x00000000       0xe2 .\CortexM3\ARM_GCC_541\Debug\main.o
 .debug_abbrev  0x000000e2       0x68 .\CortexM3\ARM_GCC_541\Debug\LIB_psoc.o
 .debug_abbrev  0x0000014a      0x1fe .\CortexM3\ARM_GCC_541\Debug\cyfitter_cfg.o
 .debug_abbrev  0x00000348       0x66 .\CortexM3\ARM_GCC_541\Debug\cymetadata.o
 .debug_abbrev  0x000003ae      0x1e8 .\CortexM3\ARM_GCC_541\Debug\Cm3Start.o
 .debug_abbrev  0x00000596      0x16f .\CortexM3\ARM_GCC_541\Debug\DobleSars.a(UART.o)
 .debug_abbrev  0x00000705       0x79 .\CortexM3\ARM_GCC_541\Debug\DobleSars.a(UART_INT.o)
 .debug_abbrev  0x0000077e      0x1ac .\CortexM3\ARM_GCC_541\Debug\DobleSars.a(ADC_2.o)
 .debug_abbrev  0x0000092a       0x42 .\CortexM3\ARM_GCC_541\Debug\DobleSars.a(ADC_2_INT.o)
 .debug_abbrev  0x0000096c      0x1ac .\CortexM3\ARM_GCC_541\Debug\DobleSars.a(ADC_1.o)
 .debug_abbrev  0x00000b18       0x42 .\CortexM3\ARM_GCC_541\Debug\DobleSars.a(ADC_1_INT.o)
 .debug_abbrev  0x00000b5a      0x139 .\CortexM3\ARM_GCC_541\Debug\DobleSars.a(UART_IntClock.o)
 .debug_abbrev  0x00000c93      0x121 .\CortexM3\ARM_GCC_541\Debug\DobleSars.a(ADC_2_theACLK.o)
 .debug_abbrev  0x00000db4      0x121 .\CortexM3\ARM_GCC_541\Debug\DobleSars.a(ADC_1_theACLK.o)
 .debug_abbrev  0x00000ed5      0x254 .\CortexM3\ARM_GCC_541\Debug\DobleSars.a(CyLib.o)
 .debug_abbrev  0x00001129      0x1ab .\CortexM3\ARM_GCC_541\Debug\DobleSars.a(cyPm.o)
 .debug_abbrev  0x000012d4       0x14 .\CortexM3\ARM_GCC_541\Debug\DobleSars.a(CyBootAsmGnu.o)
 .debug_abbrev  0x000012e8      0x1a7 .\CortexM3\ARM_GCC_541\Debug\DobleSars.a(CyFlash.o)
 .debug_abbrev  0x0000148f      0x194 .\CortexM3\ARM_GCC_541\Debug\DobleSars.a(CySpc.o)

.debug_line     0x00000000     0x247b
 *(.debug_line)
 .debug_line    0x00000000      0x24b .\CortexM3\ARM_GCC_541\Debug\main.o
 .debug_line    0x0000024b       0x3a .\CortexM3\ARM_GCC_541\Debug\LIB_psoc.o
 .debug_line    0x00000285      0x1ee .\CortexM3\ARM_GCC_541\Debug\cyfitter_cfg.o
 .debug_line    0x00000473      0x141 .\CortexM3\ARM_GCC_541\Debug\cymetadata.o
 .debug_line    0x000005b4      0x234 .\CortexM3\ARM_GCC_541\Debug\Cm3Start.o
 .debug_line    0x000007e8      0x22b .\CortexM3\ARM_GCC_541\Debug\DobleSars.a(UART.o)
 .debug_line    0x00000a13       0x7d .\CortexM3\ARM_GCC_541\Debug\DobleSars.a(UART_INT.o)
 .debug_line    0x00000a90      0x218 .\CortexM3\ARM_GCC_541\Debug\DobleSars.a(ADC_2.o)
 .debug_line    0x00000ca8       0x52 .\CortexM3\ARM_GCC_541\Debug\DobleSars.a(ADC_2_INT.o)
 .debug_line    0x00000cfa      0x218 .\CortexM3\ARM_GCC_541\Debug\DobleSars.a(ADC_1.o)
 .debug_line    0x00000f12       0x52 .\CortexM3\ARM_GCC_541\Debug\DobleSars.a(ADC_1_INT.o)
 .debug_line    0x00000f64      0x17c .\CortexM3\ARM_GCC_541\Debug\DobleSars.a(UART_IntClock.o)
 .debug_line    0x000010e0      0x19f .\CortexM3\ARM_GCC_541\Debug\DobleSars.a(ADC_2_theACLK.o)
 .debug_line    0x0000127f      0x19f .\CortexM3\ARM_GCC_541\Debug\DobleSars.a(ADC_1_theACLK.o)
 .debug_line    0x0000141e      0x816 .\CortexM3\ARM_GCC_541\Debug\DobleSars.a(CyLib.o)
 .debug_line    0x00001c34      0x367 .\CortexM3\ARM_GCC_541\Debug\DobleSars.a(cyPm.o)
 .debug_line    0x00001f9b       0x66 .\CortexM3\ARM_GCC_541\Debug\DobleSars.a(CyBootAsmGnu.o)
 .debug_line    0x00002001      0x21a .\CortexM3\ARM_GCC_541\Debug\DobleSars.a(CyFlash.o)
 .debug_line    0x0000221b      0x260 .\CortexM3\ARM_GCC_541\Debug\DobleSars.a(CySpc.o)

.debug_frame    0x00000000     0x1af8
 *(.debug_frame)
 .debug_frame   0x00000000       0x2c .\CortexM3\ARM_GCC_541\Debug\main.o
 .debug_frame   0x0000002c       0x2c .\CortexM3\ARM_GCC_541\Debug\LIB_psoc.o
 .debug_frame   0x00000058       0xfc .\CortexM3\ARM_GCC_541\Debug\cyfitter_cfg.o
 .debug_frame   0x00000154       0xb8 .\CortexM3\ARM_GCC_541\Debug\Cm3Start.o
 .debug_frame   0x0000020c      0x1a4 .\CortexM3\ARM_GCC_541\Debug\DobleSars.a(UART.o)
 .debug_frame   0x000003b0       0x20 .\CortexM3\ARM_GCC_541\Debug\DobleSars.a(UART_INT.o)
 .debug_frame   0x000003d0      0x1b4 .\CortexM3\ARM_GCC_541\Debug\DobleSars.a(ADC_2.o)
 .debug_frame   0x00000584       0x20 .\CortexM3\ARM_GCC_541\Debug\DobleSars.a(ADC_2_INT.o)
 .debug_frame   0x000005a4      0x1b0 .\CortexM3\ARM_GCC_541\Debug\DobleSars.a(ADC_1.o)
 .debug_frame   0x00000754       0x20 .\CortexM3\ARM_GCC_541\Debug\DobleSars.a(ADC_1_INT.o)
 .debug_frame   0x00000774       0xe0 .\CortexM3\ARM_GCC_541\Debug\DobleSars.a(UART_IntClock.o)
 .debug_frame   0x00000854      0x100 .\CortexM3\ARM_GCC_541\Debug\DobleSars.a(ADC_2_theACLK.o)
 .debug_frame   0x00000954      0x100 .\CortexM3\ARM_GCC_541\Debug\DobleSars.a(ADC_1_theACLK.o)
 .debug_frame   0x00000a54      0x738 .\CortexM3\ARM_GCC_541\Debug\DobleSars.a(CyLib.o)
 .debug_frame   0x0000118c      0x1f8 .\CortexM3\ARM_GCC_541\Debug\DobleSars.a(cyPm.o)
 .debug_frame   0x00001384      0x194 .\CortexM3\ARM_GCC_541\Debug\DobleSars.a(CyFlash.o)
 .debug_frame   0x00001518      0x180 .\CortexM3\ARM_GCC_541\Debug\DobleSars.a(CySpc.o)
 .debug_frame   0x00001698       0x44 c:/program files (x86)/cypress/psoc creator/4.4/psoc creator/import/gnu/arm/5.4.1/bin/../lib/gcc/arm-none-eabi/5.4.1/armv7-m\libgcc.a(_aeabi_ldivmod.o)
 .debug_frame   0x000016dc       0x38 c:/program files (x86)/cypress/psoc creator/4.4/psoc creator/import/gnu/arm/5.4.1/bin/../lib/gcc/arm-none-eabi/5.4.1/armv7-m\libgcc.a(_udivmoddi4.o)
 .debug_frame   0x00001714       0x20 c:/program files (x86)/cypress/psoc creator/4.4/psoc creator/import/gnu/arm/5.4.1/bin/../lib/gcc/arm-none-eabi/5.4.1/../../../../arm-none-eabi/lib/armv7-m\libg_nano.a(lib_a-errno.o)
 .debug_frame   0x00001734       0x28 c:/program files (x86)/cypress/psoc creator/4.4/psoc creator/import/gnu/arm/5.4.1/bin/../lib/gcc/arm-none-eabi/5.4.1/../../../../arm-none-eabi/lib/armv7-m\libg_nano.a(lib_a-exit.o)
 .debug_frame   0x0000175c       0x2c c:/program files (x86)/cypress/psoc creator/4.4/psoc creator/import/gnu/arm/5.4.1/bin/../lib/gcc/arm-none-eabi/5.4.1/../../../../arm-none-eabi/lib/armv7-m\libg_nano.a(lib_a-init.o)
 .debug_frame   0x00001788       0x28 c:/program files (x86)/cypress/psoc creator/4.4/psoc creator/import/gnu/arm/5.4.1/bin/../lib/gcc/arm-none-eabi/5.4.1/../../../../arm-none-eabi/lib/armv7-m\libg_nano.a(lib_a-memcpy-stub.o)
 .debug_frame   0x000017b0       0x20 c:/program files (x86)/cypress/psoc creator/4.4/psoc creator/import/gnu/arm/5.4.1/bin/../lib/gcc/arm-none-eabi/5.4.1/../../../../arm-none-eabi/lib/armv7-m\libg_nano.a(lib_a-memset.o)
 .debug_frame   0x000017d0       0x70 c:/program files (x86)/cypress/psoc creator/4.4/psoc creator/import/gnu/arm/5.4.1/bin/../lib/gcc/arm-none-eabi/5.4.1/../../../../arm-none-eabi/lib/armv7-m\libg_nano.a(lib_a-sprintf.o)
 .debug_frame   0x00001840       0x90 c:/program files (x86)/cypress/psoc creator/4.4/psoc creator/import/gnu/arm/5.4.1/bin/../lib/gcc/arm-none-eabi/5.4.1/../../../../arm-none-eabi/lib/armv7-m\libg_nano.a(lib_a-nano-svfprintf.o)
 .debug_frame   0x000018d0       0x60 c:/program files (x86)/cypress/psoc creator/4.4/psoc creator/import/gnu/arm/5.4.1/bin/../lib/gcc/arm-none-eabi/5.4.1/../../../../arm-none-eabi/lib/armv7-m\libg_nano.a(lib_a-nano-vfprintf_i.o)
 .debug_frame   0x00001930       0x28 c:/program files (x86)/cypress/psoc creator/4.4/psoc creator/import/gnu/arm/5.4.1/bin/../lib/gcc/arm-none-eabi/5.4.1/../../../../arm-none-eabi/lib/armv7-m\libg_nano.a(lib_a-memchr-stub.o)
 .debug_frame   0x00001958       0x28 c:/program files (x86)/cypress/psoc creator/4.4/psoc creator/import/gnu/arm/5.4.1/bin/../lib/gcc/arm-none-eabi/5.4.1/../../../../arm-none-eabi/lib/armv7-m\libg_nano.a(lib_a-memmove.o)
 .debug_frame   0x00001980       0x38 c:/program files (x86)/cypress/psoc creator/4.4/psoc creator/import/gnu/arm/5.4.1/bin/../lib/gcc/arm-none-eabi/5.4.1/../../../../arm-none-eabi/lib/armv7-m\libg_nano.a(lib_a-nano-freer.o)
 .debug_frame   0x000019b8       0x2c c:/program files (x86)/cypress/psoc creator/4.4/psoc creator/import/gnu/arm/5.4.1/bin/../lib/gcc/arm-none-eabi/5.4.1/../../../../arm-none-eabi/lib/armv7-m\libg_nano.a(lib_a-nano-mallocr.o)
 .debug_frame   0x000019e4       0x3c c:/program files (x86)/cypress/psoc creator/4.4/psoc creator/import/gnu/arm/5.4.1/bin/../lib/gcc/arm-none-eabi/5.4.1/../../../../arm-none-eabi/lib/armv7-m\libg_nano.a(lib_a-nano-reallocr.o)
 .debug_frame   0x00001a20       0x2c c:/program files (x86)/cypress/psoc creator/4.4/psoc creator/import/gnu/arm/5.4.1/bin/../lib/gcc/arm-none-eabi/5.4.1/../../../../arm-none-eabi/lib/armv7-m\libg_nano.a(lib_a-sbrkr.o)
 .debug_frame   0x00001a4c       0x30 c:/program files (x86)/cypress/psoc creator/4.4/psoc creator/import/gnu/arm/5.4.1/bin/../lib/gcc/arm-none-eabi/5.4.1/../../../../arm-none-eabi/lib/armv7-m\libg_nano.a(lib_a-mlock.o)
 .debug_frame   0x00001a7c       0x20 c:/program files (x86)/cypress/psoc creator/4.4/psoc creator/import/gnu/arm/5.4.1/bin/../lib/gcc/arm-none-eabi/5.4.1/../../../../arm-none-eabi/lib/armv7-m\libg_nano.a(lib_a-nano-msizer.o)
 .debug_frame   0x00001a9c       0x5c c:/program files (x86)/cypress/psoc creator/4.4/psoc creator/import/gnu/arm/5.4.1/bin/../lib/gcc/arm-none-eabi/5.4.1/../../../../arm-none-eabi/lib/armv7-m\libg_nano.a(lib_a-reent.o)

.debug_str      0x00000000     0x1e1b
 *(.debug_str)
 .debug_str     0x00000000      0x217 .\CortexM3\ARM_GCC_541\Debug\main.o
                                0x268 (size before relaxing)
 .debug_str     0x00000217       0x29 .\CortexM3\ARM_GCC_541\Debug\LIB_psoc.o
                                0x105 (size before relaxing)
 .debug_str     0x00000240      0x18a .\CortexM3\ARM_GCC_541\Debug\cyfitter_cfg.o
                                0x31c (size before relaxing)
 .debug_str     0x000003ca       0x7f .\CortexM3\ARM_GCC_541\Debug\cymetadata.o
                                0x1e7 (size before relaxing)
 .debug_str     0x00000449      0x144 .\CortexM3\ARM_GCC_541\Debug\Cm3Start.o
                                0x30d (size before relaxing)
 .debug_str     0x0000058d      0x259 .\CortexM3\ARM_GCC_541\Debug\DobleSars.a(UART.o)
                                0x422 (size before relaxing)
 .debug_str     0x000007e6       0x2d .\CortexM3\ARM_GCC_541\Debug\DobleSars.a(UART_INT.o)
                                0x1e9 (size before relaxing)
 .debug_str     0x00000813      0x1d4 .\CortexM3\ARM_GCC_541\Debug\DobleSars.a(ADC_2.o)
                                0x45c (size before relaxing)
 .debug_str     0x000009e7       0x2d .\CortexM3\ARM_GCC_541\Debug\DobleSars.a(ADC_2_INT.o)
                                0x196 (size before relaxing)
 .debug_str     0x00000a14      0x18f .\CortexM3\ARM_GCC_541\Debug\DobleSars.a(ADC_1.o)
                                0x45c (size before relaxing)
 .debug_str     0x00000ba3       0x2d .\CortexM3\ARM_GCC_541\Debug\DobleSars.a(ADC_1_INT.o)
                                0x196 (size before relaxing)
 .debug_str     0x00000bd0      0x189 .\CortexM3\ARM_GCC_541\Debug\DobleSars.a(UART_IntClock.o)
                                0x339 (size before relaxing)
 .debug_str     0x00000d59      0x188 .\CortexM3\ARM_GCC_541\Debug\DobleSars.a(ADC_2_theACLK.o)
                                0x380 (size before relaxing)
 .debug_str     0x00000ee1      0x17f .\CortexM3\ARM_GCC_541\Debug\DobleSars.a(ADC_1_theACLK.o)
                                0x380 (size before relaxing)
 .debug_str     0x00001060      0x7ef .\CortexM3\ARM_GCC_541\Debug\DobleSars.a(CyLib.o)
                                0xa4a (size before relaxing)
 .debug_str     0x0000184f      0x365 .\CortexM3\ARM_GCC_541\Debug\DobleSars.a(cyPm.o)
                                0x736 (size before relaxing)
 .debug_str     0x00001bb4      0x1bb .\CortexM3\ARM_GCC_541\Debug\DobleSars.a(CyFlash.o)
                                0x3c3 (size before relaxing)
 .debug_str     0x00001d6f       0xac .\CortexM3\ARM_GCC_541\Debug\DobleSars.a(CySpc.o)
                                0x33b (size before relaxing)

.debug_loc      0x00000000     0x2550
 *(.debug_loc)
 .debug_loc     0x00000000       0x62 .\CortexM3\ARM_GCC_541\Debug\LIB_psoc.o
 .debug_loc     0x00000062      0x1fd .\CortexM3\ARM_GCC_541\Debug\cyfitter_cfg.o
 .debug_loc     0x0000025f      0x144 .\CortexM3\ARM_GCC_541\Debug\Cm3Start.o
 .debug_loc     0x000003a3      0x215 .\CortexM3\ARM_GCC_541\Debug\DobleSars.a(UART.o)
 .debug_loc     0x000005b8      0x295 .\CortexM3\ARM_GCC_541\Debug\DobleSars.a(ADC_2.o)
 .debug_loc     0x0000084d      0x295 .\CortexM3\ARM_GCC_541\Debug\DobleSars.a(ADC_1.o)
 .debug_loc     0x00000ae2      0x12c .\CortexM3\ARM_GCC_541\Debug\DobleSars.a(UART_IntClock.o)
 .debug_loc     0x00000c0e      0x149 .\CortexM3\ARM_GCC_541\Debug\DobleSars.a(ADC_2_theACLK.o)
 .debug_loc     0x00000d57      0x14d .\CortexM3\ARM_GCC_541\Debug\DobleSars.a(ADC_1_theACLK.o)
 .debug_loc     0x00000ea4      0xa11 .\CortexM3\ARM_GCC_541\Debug\DobleSars.a(CyLib.o)
 .debug_loc     0x000018b5      0x1e4 .\CortexM3\ARM_GCC_541\Debug\DobleSars.a(cyPm.o)
 .debug_loc     0x00001a99      0x3b2 .\CortexM3\ARM_GCC_541\Debug\DobleSars.a(CyFlash.o)
 .debug_loc     0x00001e4b      0x705 .\CortexM3\ARM_GCC_541\Debug\DobleSars.a(CySpc.o)

.debug_macinfo
 *(.debug_macinfo)

.debug_ranges   0x00000000      0x7d0
 *(.debug_ranges)
 .debug_ranges  0x00000000       0x10 .\CortexM3\ARM_GCC_541\Debug\main.o
 .debug_ranges  0x00000010       0x10 .\CortexM3\ARM_GCC_541\Debug\LIB_psoc.o
 .debug_ranges  0x00000020       0x48 .\CortexM3\ARM_GCC_541\Debug\cyfitter_cfg.o
 .debug_ranges  0x00000068       0x38 .\CortexM3\ARM_GCC_541\Debug\Cm3Start.o
 .debug_ranges  0x000000a0       0x90 .\CortexM3\ARM_GCC_541\Debug\DobleSars.a(UART.o)
 .debug_ranges  0x00000130       0x10 .\CortexM3\ARM_GCC_541\Debug\DobleSars.a(UART_INT.o)
 .debug_ranges  0x00000140       0x98 .\CortexM3\ARM_GCC_541\Debug\DobleSars.a(ADC_2.o)
 .debug_ranges  0x000001d8       0x10 .\CortexM3\ARM_GCC_541\Debug\DobleSars.a(ADC_2_INT.o)
 .debug_ranges  0x000001e8       0x98 .\CortexM3\ARM_GCC_541\Debug\DobleSars.a(ADC_1.o)
 .debug_ranges  0x00000280       0x10 .\CortexM3\ARM_GCC_541\Debug\DobleSars.a(ADC_1_INT.o)
 .debug_ranges  0x00000290       0x60 .\CortexM3\ARM_GCC_541\Debug\DobleSars.a(UART_IntClock.o)
 .debug_ranges  0x000002f0       0x70 .\CortexM3\ARM_GCC_541\Debug\DobleSars.a(ADC_2_theACLK.o)
 .debug_ranges  0x00000360       0x70 .\CortexM3\ARM_GCC_541\Debug\DobleSars.a(ADC_1_theACLK.o)
 .debug_ranges  0x000003d0      0x290 .\CortexM3\ARM_GCC_541\Debug\DobleSars.a(CyLib.o)
 .debug_ranges  0x00000660       0x88 .\CortexM3\ARM_GCC_541\Debug\DobleSars.a(cyPm.o)
 .debug_ranges  0x000006e8       0x78 .\CortexM3\ARM_GCC_541\Debug\DobleSars.a(CyFlash.o)
 .debug_ranges  0x00000760       0x70 .\CortexM3\ARM_GCC_541\Debug\DobleSars.a(CySpc.o)

.comment        0x00000000       0x6e
 .comment       0x00000000       0x6e .\CortexM3\ARM_GCC_541\Debug\main.o
                                 0x6f (size before relaxing)
 .comment       0x0000006e       0x6f .\CortexM3\ARM_GCC_541\Debug\LIB_psoc.o
 .comment       0x0000006e       0x6f .\CortexM3\ARM_GCC_541\Debug\cyfitter_cfg.o
 .comment       0x0000006e       0x6f .\CortexM3\ARM_GCC_541\Debug\cymetadata.o
 .comment       0x0000006e       0x6f .\CortexM3\ARM_GCC_541\Debug\Cm3Start.o
 .comment       0x0000006e       0x6f .\CortexM3\ARM_GCC_541\Debug\DobleSars.a(UART.o)
 .comment       0x0000006e       0x6f .\CortexM3\ARM_GCC_541\Debug\DobleSars.a(UART_INT.o)
 .comment       0x0000006e       0x6f .\CortexM3\ARM_GCC_541\Debug\DobleSars.a(ADC_2.o)
 .comment       0x0000006e       0x6f .\CortexM3\ARM_GCC_541\Debug\DobleSars.a(ADC_2_INT.o)
 .comment       0x0000006e       0x6f .\CortexM3\ARM_GCC_541\Debug\DobleSars.a(ADC_1.o)
 .comment       0x0000006e       0x6f .\CortexM3\ARM_GCC_541\Debug\DobleSars.a(ADC_1_INT.o)
 .comment       0x0000006e       0x6f .\CortexM3\ARM_GCC_541\Debug\DobleSars.a(UART_IntClock.o)
 .comment       0x0000006e       0x6f .\CortexM3\ARM_GCC_541\Debug\DobleSars.a(ADC_2_theACLK.o)
 .comment       0x0000006e       0x6f .\CortexM3\ARM_GCC_541\Debug\DobleSars.a(ADC_1_theACLK.o)
 .comment       0x0000006e       0x6f .\CortexM3\ARM_GCC_541\Debug\DobleSars.a(CyLib.o)
 .comment       0x0000006e       0x6f .\CortexM3\ARM_GCC_541\Debug\DobleSars.a(cyPm.o)
 .comment       0x0000006e       0x6f .\CortexM3\ARM_GCC_541\Debug\DobleSars.a(CyFlash.o)
 .comment       0x0000006e       0x6f .\CortexM3\ARM_GCC_541\Debug\DobleSars.a(CySpc.o)

.debug_weaknames
 *(.debug_weaknames)

.debug_funcnames
 *(.debug_funcnames)

.debug_typenames
 *(.debug_typenames)

.debug_varnames
 *(.debug_varnames)

.note.gnu.arm.ident
 *(.note.gnu.arm.ident)

.ARM.attributes
                0x00000000       0x29
 *(.ARM.attributes)
 .ARM.attributes
                0x00000000       0x1d c:/program files (x86)/cypress/psoc creator/4.4/psoc creator/import/gnu/arm/5.4.1/bin/../lib/gcc/arm-none-eabi/5.4.1/armv7-m/crti.o
 .ARM.attributes
                0x0000001d       0x2d c:/program files (x86)/cypress/psoc creator/4.4/psoc creator/import/gnu/arm/5.4.1/bin/../lib/gcc/arm-none-eabi/5.4.1/armv7-m/crtbegin.o
 .ARM.attributes
                0x0000004a       0x1b c:/program files (x86)/cypress/psoc creator/4.4/psoc creator/import/gnu/arm/5.4.1/bin/../lib/gcc/arm-none-eabi/5.4.1/../../../../arm-none-eabi/lib/armv7-m/crt0.o
 .ARM.attributes
                0x00000065       0x33 .\CortexM3\ARM_GCC_541\Debug\main.o
 .ARM.attributes
                0x00000098       0x33 .\CortexM3\ARM_GCC_541\Debug\LIB_psoc.o
 .ARM.attributes
                0x000000cb       0x33 .\CortexM3\ARM_GCC_541\Debug\cyfitter_cfg.o
 .ARM.attributes
                0x000000fe       0x33 .\CortexM3\ARM_GCC_541\Debug\cymetadata.o
 .ARM.attributes
                0x00000131       0x33 .\CortexM3\ARM_GCC_541\Debug\Cm3Start.o
 .ARM.attributes
                0x00000164       0x33 .\CortexM3\ARM_GCC_541\Debug\DobleSars.a(UART.o)
 .ARM.attributes
                0x00000197       0x33 .\CortexM3\ARM_GCC_541\Debug\DobleSars.a(UART_INT.o)
 .ARM.attributes
                0x000001ca       0x33 .\CortexM3\ARM_GCC_541\Debug\DobleSars.a(ADC_2.o)
 .ARM.attributes
                0x000001fd       0x33 .\CortexM3\ARM_GCC_541\Debug\DobleSars.a(ADC_2_INT.o)
 .ARM.attributes
                0x00000230       0x33 .\CortexM3\ARM_GCC_541\Debug\DobleSars.a(ADC_1.o)
 .ARM.attributes
                0x00000263       0x33 .\CortexM3\ARM_GCC_541\Debug\DobleSars.a(ADC_1_INT.o)
 .ARM.attributes
                0x00000296       0x33 .\CortexM3\ARM_GCC_541\Debug\DobleSars.a(UART_IntClock.o)
 .ARM.attributes
                0x000002c9       0x33 .\CortexM3\ARM_GCC_541\Debug\DobleSars.a(ADC_2_theACLK.o)
 .ARM.attributes
                0x000002fc       0x33 .\CortexM3\ARM_GCC_541\Debug\DobleSars.a(ADC_1_theACLK.o)
 .ARM.attributes
                0x0000032f       0x33 .\CortexM3\ARM_GCC_541\Debug\DobleSars.a(CyLib.o)
 .ARM.attributes
                0x00000362       0x33 .\CortexM3\ARM_GCC_541\Debug\DobleSars.a(cyPm.o)
 .ARM.attributes
                0x00000395       0x21 .\CortexM3\ARM_GCC_541\Debug\DobleSars.a(CyBootAsmGnu.o)
 .ARM.attributes
                0x000003b6       0x33 .\CortexM3\ARM_GCC_541\Debug\DobleSars.a(CyFlash.o)
 .ARM.attributes
                0x000003e9       0x33 .\CortexM3\ARM_GCC_541\Debug\DobleSars.a(CySpc.o)
 .ARM.attributes
                0x0000041c       0x1d c:/program files (x86)/cypress/psoc creator/4.4/psoc creator/import/gnu/arm/5.4.1/bin/../lib/gcc/arm-none-eabi/5.4.1/armv7-m\libgcc.a(_arm_addsubsf3.o)
 .ARM.attributes
                0x00000439       0x1d c:/program files (x86)/cypress/psoc creator/4.4/psoc creator/import/gnu/arm/5.4.1/bin/../lib/gcc/arm-none-eabi/5.4.1/armv7-m\libgcc.a(_arm_muldivsf3.o)
 .ARM.attributes
                0x00000456       0x1d c:/program files (x86)/cypress/psoc creator/4.4/psoc creator/import/gnu/arm/5.4.1/bin/../lib/gcc/arm-none-eabi/5.4.1/armv7-m\libgcc.a(_aeabi_ldivmod.o)
 .ARM.attributes
                0x00000473       0x2d c:/program files (x86)/cypress/psoc creator/4.4/psoc creator/import/gnu/arm/5.4.1/bin/../lib/gcc/arm-none-eabi/5.4.1/armv7-m\libgcc.a(_udivmoddi4.o)
 .ARM.attributes
                0x000004a0       0x1d c:/program files (x86)/cypress/psoc creator/4.4/psoc creator/import/gnu/arm/5.4.1/bin/../lib/gcc/arm-none-eabi/5.4.1/armv7-m\libgcc.a(_dvmd_tls.o)
 .ARM.attributes
                0x000004bd       0x2d c:/program files (x86)/cypress/psoc creator/4.4/psoc creator/import/gnu/arm/5.4.1/bin/../lib/gcc/arm-none-eabi/5.4.1/../../../../arm-none-eabi/lib/armv7-m\libg_nano.a(lib_a-errno.o)
 .ARM.attributes
                0x000004ea       0x2d c:/program files (x86)/cypress/psoc creator/4.4/psoc creator/import/gnu/arm/5.4.1/bin/../lib/gcc/arm-none-eabi/5.4.1/../../../../arm-none-eabi/lib/armv7-m\libg_nano.a(lib_a-exit.o)
 .ARM.attributes
                0x00000517       0x2d c:/program files (x86)/cypress/psoc creator/4.4/psoc creator/import/gnu/arm/5.4.1/bin/../lib/gcc/arm-none-eabi/5.4.1/../../../../arm-none-eabi/lib/armv7-m\libg_nano.a(lib_a-impure.o)
 .ARM.attributes
                0x00000544       0x2d c:/program files (x86)/cypress/psoc creator/4.4/psoc creator/import/gnu/arm/5.4.1/bin/../lib/gcc/arm-none-eabi/5.4.1/../../../../arm-none-eabi/lib/armv7-m\libg_nano.a(lib_a-init.o)
 .ARM.attributes
                0x00000571       0x2d c:/program files (x86)/cypress/psoc creator/4.4/psoc creator/import/gnu/arm/5.4.1/bin/../lib/gcc/arm-none-eabi/5.4.1/../../../../arm-none-eabi/lib/armv7-m\libg_nano.a(lib_a-memcpy-stub.o)
 .ARM.attributes
                0x0000059e       0x2d c:/program files (x86)/cypress/psoc creator/4.4/psoc creator/import/gnu/arm/5.4.1/bin/../lib/gcc/arm-none-eabi/5.4.1/../../../../arm-none-eabi/lib/armv7-m\libg_nano.a(lib_a-memset.o)
 .ARM.attributes
                0x000005cb       0x2d c:/program files (x86)/cypress/psoc creator/4.4/psoc creator/import/gnu/arm/5.4.1/bin/../lib/gcc/arm-none-eabi/5.4.1/../../../../arm-none-eabi/lib/armv7-m\libg_nano.a(lib_a-sprintf.o)
 .ARM.attributes
                0x000005f8       0x2d c:/program files (x86)/cypress/psoc creator/4.4/psoc creator/import/gnu/arm/5.4.1/bin/../lib/gcc/arm-none-eabi/5.4.1/../../../../arm-none-eabi/lib/armv7-m\libg_nano.a(lib_a-nano-svfprintf.o)
 .ARM.attributes
                0x00000625       0x2d c:/program files (x86)/cypress/psoc creator/4.4/psoc creator/import/gnu/arm/5.4.1/bin/../lib/gcc/arm-none-eabi/5.4.1/../../../../arm-none-eabi/lib/armv7-m\libg_nano.a(lib_a-nano-vfprintf_i.o)
 .ARM.attributes
                0x00000652       0x2d c:/program files (x86)/cypress/psoc creator/4.4/psoc creator/import/gnu/arm/5.4.1/bin/../lib/gcc/arm-none-eabi/5.4.1/../../../../arm-none-eabi/lib/armv7-m\libg_nano.a(lib_a-memchr-stub.o)
 .ARM.attributes
                0x0000067f       0x2d c:/program files (x86)/cypress/psoc creator/4.4/psoc creator/import/gnu/arm/5.4.1/bin/../lib/gcc/arm-none-eabi/5.4.1/../../../../arm-none-eabi/lib/armv7-m\libg_nano.a(lib_a-memmove.o)
 .ARM.attributes
                0x000006ac       0x2d c:/program files (x86)/cypress/psoc creator/4.4/psoc creator/import/gnu/arm/5.4.1/bin/../lib/gcc/arm-none-eabi/5.4.1/../../../../arm-none-eabi/lib/armv7-m\libg_nano.a(lib_a-nano-freer.o)
 .ARM.attributes
                0x000006d9       0x2d c:/program files (x86)/cypress/psoc creator/4.4/psoc creator/import/gnu/arm/5.4.1/bin/../lib/gcc/arm-none-eabi/5.4.1/../../../../arm-none-eabi/lib/armv7-m\libg_nano.a(lib_a-nano-mallocr.o)
 .ARM.attributes
                0x00000706       0x2d c:/program files (x86)/cypress/psoc creator/4.4/psoc creator/import/gnu/arm/5.4.1/bin/../lib/gcc/arm-none-eabi/5.4.1/../../../../arm-none-eabi/lib/armv7-m\libg_nano.a(lib_a-nano-reallocr.o)
 .ARM.attributes
                0x00000733       0x2d c:/program files (x86)/cypress/psoc creator/4.4/psoc creator/import/gnu/arm/5.4.1/bin/../lib/gcc/arm-none-eabi/5.4.1/../../../../arm-none-eabi/lib/armv7-m\libg_nano.a(lib_a-sbrkr.o)
 .ARM.attributes
                0x00000760       0x2d c:/program files (x86)/cypress/psoc creator/4.4/psoc creator/import/gnu/arm/5.4.1/bin/../lib/gcc/arm-none-eabi/5.4.1/../../../../arm-none-eabi/lib/armv7-m\libg_nano.a(lib_a-mlock.o)
 .ARM.attributes
                0x0000078d       0x2d c:/program files (x86)/cypress/psoc creator/4.4/psoc creator/import/gnu/arm/5.4.1/bin/../lib/gcc/arm-none-eabi/5.4.1/../../../../arm-none-eabi/lib/armv7-m\libg_nano.a(lib_a-nano-msizer.o)
 .ARM.attributes
                0x000007ba       0x2d c:/program files (x86)/cypress/psoc creator/4.4/psoc creator/import/gnu/arm/5.4.1/bin/../lib/gcc/arm-none-eabi/5.4.1/../../../../arm-none-eabi/lib/armv7-m\libg_nano.a(lib_a-reent.o)
 .ARM.attributes
                0x000007e7       0x2d c:/program files (x86)/cypress/psoc creator/4.4/psoc creator/import/gnu/arm/5.4.1/bin/../lib/gcc/arm-none-eabi/5.4.1/armv7-m/crtend.o
 .ARM.attributes
                0x00000814       0x1d c:/program files (x86)/cypress/psoc creator/4.4/psoc creator/import/gnu/arm/5.4.1/bin/../lib/gcc/arm-none-eabi/5.4.1/armv7-m/crtn.o

/DISCARD/
 *(.note.GNU-stack)
OUTPUT(C:\Users\elgab\OneDrive\Desktop\PSOC-5lp\Codigos_ADC\DobleSars.cydsn\CortexM3\ARM_GCC_541\Debug\DobleSars.elf elf32-littlearm)
